[{"stream_name":"stdout","time":11.418901493,"data":"variant {\"name\": \"r4_prk100_tri25\", \"cap\": 5000, \"key_cap\": 200, \"caps\": {\"6\": 25}, \"keep_prk\": 100}; polars 1.44.2\n"}
,{"stream_name":"stderr","time":12.095705736,"data":"/kaggle/src/script.py:29: DeprecationWarning: In Polars 2.0, the default behavior for `empty_as_null` will change to `False`. To keep the current behavior, explicitly set `empty_as_null=True`.\n"}
,{"stream_name":"stderr","time":12.095766636,"data":"  .explode(\"matched_entity_ids\").filter(pl.col(\"matched_entity_ids\") != \"\") \\\n"}
,{"stream_name":"stdout","time":653.759535123,"data":"{\"variant\": \"r4_prk100_tri25\", \"country\": \"US\", \"S1\": 29086, \"cands\": 135.5564532764904, \"p95\": 160.0, \"recall\": 0.9829789775441949, \"complete\": 0.9435246170081147, \"recall_r_indic\": null, \"recall_r_noaddr\": 0.7440287465652082, \"complete_s1_noaddr\": null, \"build_s\": 398, \"query_s\": 217, \"ms_per_query\": 7.4599146113421595}\n"}
,{"stream_name":"stdout","time":1179.10895618,"data":"{\"variant\": \"r4_prk100_tri25\", \"country\": \"India\", \"S1\": 29051, \"cands\": 137.0675364015008, \"p95\": 160.0, \"recall\": 0.9355082479044655, \"complete\": 0.8405770702029218, \"recall_r_indic\": 0.8704863051984348, \"recall_r_noaddr\": 0.7121901871522509, \"complete_s1_noaddr\": null, \"build_s\": 293, \"query_s\": 214, \"ms_per_query\": 7.378824302684107}\n"}
,{"stream_name":"stdout","time":1179.11385564,"data":"shape: (2, 13)\n"}
,{"stream_name":"stdout","time":1179.11390059,"data":"┌─────────────────┬─────────┬───────┬────────────┬───┬────────────────────┬─────────┬─────────┬──────────────┐\n"}
,{"stream_name":"stdout","time":1179.1139099,"data":"│ variant         ┆ country ┆ S1    ┆ cands      ┆ … ┆ complete_s1_noaddr ┆ build_s ┆ query_s ┆ ms_per_query │\n"}
,{"stream_name":"stdout","time":1179.11391557,"data":"│ ---             ┆ ---     ┆ ---   ┆ ---        ┆   ┆ ---                ┆ ---     ┆ ---     ┆ ---          │\n"}
,{"stream_name":"stdout","time":1179.11392093,"data":"│ str             ┆ str     ┆ i64   ┆ f64        ┆   ┆ null               ┆ i64     ┆ i64     ┆ f64          │\n"}
,{"stream_name":"stdout","time":1179.11392644,"data":"╞═════════════════╪═════════╪═══════╪════════════╪═══╪════════════════════╪═════════╪═════════╪══════════════╡\n"}
,{"stream_name":"stdout","time":1179.11393232,"data":"│ r4_prk100_tri25 ┆ US      ┆ 29086 ┆ 135.556453 ┆ … ┆ null               ┆ 398     ┆ 217     ┆ 7.459915     │\n"}
,{"stream_name":"stdout","time":1179.11393755,"data":"│ r4_prk100_tri25 ┆ India   ┆ 29051 ┆ 137.067536 ┆ … ┆ null               ┆ 293     ┆ 214     ┆ 7.378824     │\n"}
,{"stream_name":"stdout","time":1179.11394234,"data":"└─────────────────┴─────────┴───────┴────────────┴───┴────────────────────┴─────────┴─────────┴──────────────┘\n"}
,{"stream_name":"stdout","time":1179.11394806,"data":"DONE 1168s\n"}
,{"stream_name":"stderr","time":1182.91861419,"data":"/usr/local/lib/python3.12/dist-packages/mistune.py:435: SyntaxWarning: invalid escape sequence '\\|'\n"}
,{"stream_name":"stderr","time":1182.91867867,"data":"  cells[i][c] = re.sub('\\\\\\\\\\|', '|', cell)\n"}
,{"stream_name":"stderr","time":1183.382989816,"data":"/usr/local/lib/python3.12/dist-packages/nbconvert/filters/filter_links.py:36: SyntaxWarning: invalid escape sequence '\\_'\n"}
,{"stream_name":"stderr","time":1183.383070676,"data":"  text = re.sub(r'_', '\\_', text) # Escape underscores in display text\n"}
,{"stream_name":"stderr","time":1184.557857968,"data":"[NbConvertApp] Converting notebook __script__.ipynb to html\n"}
,{"stream_name":"stderr","time":1186.446274073,"data":"[NbConvertApp] Writing 311443 bytes to __results__.html\n"}
]