11:45:57 orchestrator started
11:47:07 er-blocking-v5: COMPLETE
11:47:07 er-cands-test-france: COMPLETE
11:47:07 er-cands-test-india: COMPLETE
11:47:07 er-cands-test-us: COMPLETE
11:47:07 er-cands-train-india: COMPLETE
11:47:07 er-cands-train-us: ERROR
11:47:07 er-cands2-test-france: COMPLETE
11:47:07 er-cands2-test-india: COMPLETE
11:47:07 er-cands2-test-us: COMPLETE
11:47:07 er-cands2-train-india: COMPLETE
11:47:07 er-cands2-train-us: COMPLETE
11:47:07 er-cands3-test-india: RUNNING
11:47:07 er-cands3-test-us: RUNNING
11:47:07 er-cands3-train-india: RUNNING
11:47:07 er-cands3-train-us: RUNNING
11:47:07 er-matcher-full2: COMPLETE
11:47:07 er-stack: COMPLETE
11:47:07 er-submit2: COMPLETE
11:47:07 er-xenc-score: COMPLETE
11:47:07 er-xenc-score-test: RUNNING
11:47:07 er-xenc-v1: COMPLETE
11:47:07 er-xenc-v1b: COMPLETE
11:47:07 er-xenc-v2: COMPLETE
11:47:07 er-xenc-v3: COMPLETE
11:47:07 er-xenc-v4: COMPLETE
11:47:09 LAUNCH er-cands3-test-france: FAILED :: Kernel push error: Maximum batch CPU session count of 5 reached.
11:47:48 orchestrator started
11:48:55 er-blocking-v5: COMPLETE
11:48:55 er-cands-test-france: COMPLETE
11:48:55 er-cands-test-india: COMPLETE
11:48:55 er-cands-test-us: COMPLETE
11:48:55 er-cands-train-india: COMPLETE
11:48:55 er-cands-train-us: ERROR
11:48:55 er-cands2-test-france: COMPLETE
11:48:55 er-cands2-test-india: COMPLETE
11:48:55 er-cands2-test-us: COMPLETE
11:48:55 er-cands2-train-india: COMPLETE
11:48:55 er-cands2-train-us: COMPLETE
11:48:55 er-cands3-test-india: RUNNING
11:48:55 er-cands3-test-us: RUNNING
11:48:55 er-cands3-train-india: RUNNING
11:48:55 er-cands3-train-us: RUNNING
11:48:55 er-matcher-full2: COMPLETE
11:48:55 er-stack: COMPLETE
11:48:55 er-submit2: COMPLETE
11:48:55 er-xenc-score: COMPLETE
11:48:55 er-xenc-score-test: RUNNING
11:48:55 er-xenc-v1: COMPLETE
11:48:55 er-xenc-v1b: COMPLETE
11:48:55 er-xenc-v2: COMPLETE
11:48:55 er-xenc-v3: COMPLETE
11:48:55 er-xenc-v4: COMPLETE
13:22:11 er-cands3-test-us: COMPLETE
13:31:39 er-cands3-test-india: COMPLETE
13:31:41 LAUNCH er-cands3-test-france: ok :: Kernel version 1 successfully pushed.  Please check progress at https://www.kaggle.com/code/satvikaderla/er-cands3-test-france
13:34:51 er-cands3-test-france: RUNNING
13:53:19 er-cands3-test-france: COMPLETE
13:53:19 er-cands3-train-india: COMPLETE
14:58:43 er-cands3-train-us: COMPLETE
14:58:46 LAUNCH er-matcher-full3: ok :: ref 66967e3
15:02:29 er-matcher-full3: RUNNING
15:22:17 er-xenc-score-test: COMPLETE
15:22:20 LAUNCH er-submit3: ok :: ref 66967e3
15:25:39 er-submit3: RUNNING
16:03:21 er-matcher-full3: COMPLETE
16:03:24 LAUNCH er-xenc-score3: ok :: ref 66967e3
16:03:27 LAUNCH er-l1test3-us: ok :: Kernel version 1 successfully pushed.  Please check progress at https://www.kaggle.com/code/satvikaderla/er-l1test3-us
16:03:30 LAUNCH er-l1test3-india: ok :: Kernel version 1 successfully pushed.  Please check progress at https://www.kaggle.com/code/satvikaderla/er-l1test3-india
16:03:33 LAUNCH er-l1test3-france: ok :: Kernel version 1 successfully pushed.  Please check progress at https://www.kaggle.com/code/satvikaderla/er-l1test3-france
16:06:42 er-l1test3-france: RUNNING
16:06:42 er-l1test3-india: RUNNING
16:06:42 er-l1test3-us: RUNNING
16:06:42 er-xenc-score3: RUNNING
16:19:25 er-xenc-score3: COMPLETE
16:19:29 LAUNCH er-stack3: ok :: ref 66967e3
16:22:25 er-stack3: RUNNING
16:28:32 er-l1test3-france: COMPLETE
16:28:32 er-stack3: COMPLETE
16:28:35 LAUNCH er-xenc-score-test3-france: ok :: ref 66967e3
16:31:49 er-xenc-score-test3-france: QUEUED
16:41:17 er-l1test3-us: COMPLETE
16:41:21 LAUNCH er-xenc-score-test3-us: ok :: ref 66967e3
16:44:37 er-xenc-score-test3-us: RUNNING
17:00:17 er-submit3: COMPLETE
17:10:03 SUBMISSION er-submit3 fetched to kaggle/submit3/kout; validator: PASS — no blocking issues found. Safe to submit.
17:13:13 er-xenc-score-test3-france: RUNNING
17:28:51 er-l1test3-india: COMPLETE
18:06:57 er-xenc-score-test3-france: COMPLETE
18:06:59 LAUNCH er-xenc-score-test3-india: ok :: ref 66967e3
18:10:07 er-xenc-score-test3-india: RUNNING
18:13:18 er-xenc-score-test3-us: COMPLETE
20:52:19 er-xenc-score-test3-india: COMPLETE
20:52:22 LAUNCH er-final3: ok :: ref 7943bc0
20:55:29 er-final3: RUNNING
21:08:26 er-final3: COMPLETE
21:27:24 SUBMISSION er-final3 fetched to kaggle/final3/kout; validator: PASS — no blocking issues found. Safe to submit.
21:28:05 SUBMISSION er-final3 level-1 fallback in kaggle/final3/kout/l1; validator: PASS — no blocking issues found. Safe to submit.
22:05:00 orchestrator started
22:06:47 er-blocking-v5: COMPLETE
22:06:47 er-cands-test-france: COMPLETE
22:06:47 er-cands-test-india: COMPLETE
22:06:47 er-cands-test-us: COMPLETE
22:06:47 er-cands-train-india: COMPLETE
22:06:47 er-cands-train-us: ERROR
22:06:47 er-cands2-test-france: COMPLETE
22:06:47 er-cands2-test-india: COMPLETE
22:06:47 er-cands2-test-us: COMPLETE
22:06:47 er-cands2-train-india: COMPLETE
22:06:47 er-cands2-train-us: COMPLETE
22:06:47 er-cands3-test-france: COMPLETE
22:06:47 er-cands3-test-india: COMPLETE
22:06:47 er-cands3-test-us: COMPLETE
22:06:47 er-cands3-train-india: COMPLETE
22:06:47 er-cands3-train-us: COMPLETE
22:06:47 er-cands4-test-france: RUNNING
22:06:47 er-cands4-test-india: RUNNING
22:06:47 er-cands4-test-us: RUNNING
22:06:47 er-cands4-train-india: RUNNING
22:06:47 er-cands4-train-us: RUNNING
22:06:47 er-final3: COMPLETE
22:06:47 er-l1test3-france: COMPLETE
22:06:47 er-l1test3-india: COMPLETE
22:06:47 er-l1test3-us: COMPLETE
22:06:47 er-matcher-full2: COMPLETE
22:06:47 er-matcher-full3: COMPLETE
22:06:47 er-stack: COMPLETE
22:06:47 er-stack3: COMPLETE
22:06:47 er-submit2: COMPLETE
22:06:47 er-submit3: COMPLETE
22:06:47 er-xenc-score: COMPLETE
22:06:47 er-xenc-score-test: COMPLETE
22:06:47 er-xenc-score-test3-france: COMPLETE
22:06:47 er-xenc-score-test3-india: COMPLETE
22:06:47 er-xenc-score-test3-us: COMPLETE
22:06:47 er-xenc-score3: COMPLETE
22:06:47 er-xenc-v1: COMPLETE
22:06:47 er-xenc-v1b: COMPLETE
22:06:47 er-xenc-v2: COMPLETE
22:06:47 er-xenc-v3: COMPLETE
22:06:47 er-xenc-v4: COMPLETE
22:33:02 er-cands4-test-france: COMPLETE
22:33:02 er-cands4-test-india: ERROR
22:33:02 BLOCKED er-l1test4-india: upstream failed (['er-matcher-full4', 'er-cands4-test-india'])
22:36:52 er-cands4-test-india: RUNNING
22:36:52 er-cands4-train-us: ERROR
22:36:52 BLOCKED er-matcher-full4: upstream failed (['er-cands4-train-us', 'er-cands4-train-india'])
22:40:38 er-cands4-test-us: ERROR
22:40:38 er-cands4-train-us: RUNNING
22:40:38 BLOCKED er-l1test4-us: upstream failed (['er-matcher-full4', 'er-cands4-test-us'])
22:44:17 er-cands4-test-us: RUNNING
23:23:35 orchestrator started
23:25:22 er-blocking-v5: COMPLETE
23:25:22 er-cands-test-france: COMPLETE
23:25:22 er-cands-test-india: COMPLETE
23:25:22 er-cands-test-us: COMPLETE
23:25:22 er-cands-train-india: COMPLETE
23:25:22 er-cands-train-us: ERROR
23:25:22 er-cands2-test-france: COMPLETE
23:25:22 er-cands2-test-india: COMPLETE
23:25:22 er-cands2-test-us: COMPLETE
23:25:22 er-cands2-train-india: COMPLETE
23:25:22 er-cands2-train-us: COMPLETE
23:25:22 er-cands3-test-france: COMPLETE
23:25:22 er-cands3-test-india: COMPLETE
23:25:22 er-cands3-test-us: COMPLETE
23:25:22 er-cands3-train-india: COMPLETE
23:25:22 er-cands3-train-us: COMPLETE
23:25:22 er-final3: COMPLETE
23:25:22 er-l1test3-france: COMPLETE
23:25:22 er-l1test3-india: COMPLETE
23:25:22 er-l1test3-us: COMPLETE
23:25:22 er-matcher-full2: COMPLETE
23:25:22 er-matcher-full3: COMPLETE
23:25:22 er-stack: COMPLETE
23:25:22 er-stack3: COMPLETE
23:25:22 er-submit2: COMPLETE
23:25:22 er-submit3: COMPLETE
23:25:22 er-xenc-score: COMPLETE
23:25:22 er-xenc-score-test: COMPLETE
23:25:22 er-xenc-score-test3-france: COMPLETE
23:25:22 er-xenc-score-test3-india: COMPLETE
23:25:22 er-xenc-score-test3-us: COMPLETE
23:25:22 er-xenc-score3: COMPLETE
23:25:22 er-xenc-v1: COMPLETE
23:25:22 er-xenc-v1b: COMPLETE
23:25:22 er-xenc-v2: COMPLETE
23:25:22 er-xenc-v3: COMPLETE
23:25:22 er-xenc-v4: COMPLETE
23:25:26 LAUNCH er-emb4-train-india: ok :: Kernel version 1 successfully pushed.  Please check progress at https://www.kaggle.com/code/satvikaderla/er-emb4-train-india
23:25:29 LAUNCH er-emb4-train-us: ok :: Kernel version 1 successfully pushed.  Please check progress at https://www.kaggle.com/code/satvikaderla/er-emb4-train-us
23:26:33 orchestrator started
23:28:15 er-blocking-v5: COMPLETE
23:28:15 er-cands-test-france: COMPLETE
23:28:15 er-cands-test-india: COMPLETE
23:28:15 er-cands-test-us: COMPLETE
23:28:15 er-cands-train-india: COMPLETE
23:28:15 er-cands-train-us: ERROR
23:28:15 er-cands2-test-france: COMPLETE
23:28:15 er-cands2-test-india: COMPLETE
23:28:15 er-cands2-test-us: COMPLETE
23:28:15 er-cands2-train-india: COMPLETE
23:28:15 er-cands2-train-us: COMPLETE
23:28:15 er-cands3-test-france: COMPLETE
23:28:15 er-cands3-test-india: COMPLETE
23:28:15 er-cands3-test-us: COMPLETE
23:28:15 er-cands3-train-india: COMPLETE
23:28:15 er-cands3-train-us: COMPLETE
23:28:15 er-emb4-train-india: RUNNING
23:28:15 er-emb4-train-us: QUEUED
23:28:15 er-final3: COMPLETE
23:28:15 er-l1test3-france: COMPLETE
23:28:15 er-l1test3-india: COMPLETE
23:28:15 er-l1test3-us: COMPLETE
23:28:15 er-matcher-full2: COMPLETE
23:28:15 er-matcher-full3: COMPLETE
23:28:15 er-stack: COMPLETE
23:28:15 er-stack3: COMPLETE
23:28:15 er-submit2: COMPLETE
23:28:15 er-submit3: COMPLETE
23:28:15 er-xenc-score: COMPLETE
23:28:15 er-xenc-score-test: COMPLETE
23:28:15 er-xenc-score-test3-france: COMPLETE
23:28:15 er-xenc-score-test3-india: COMPLETE
23:28:15 er-xenc-score-test3-us: COMPLETE
23:28:15 er-xenc-score3: COMPLETE
23:28:15 er-xenc-v1: COMPLETE
23:28:15 er-xenc-v1b: COMPLETE
23:28:15 er-xenc-v2: COMPLETE
23:28:15 er-xenc-v3: COMPLETE
23:28:15 er-xenc-v4: COMPLETE
