[{"stream_name":"stdout","time":10.237762986,"data":"   ━━━━━━━━━━━━━━━━━━━━━━━━━━━━━━━━━━━━━━━━ 3.2/3.2 MB 59.2 MB/s eta 0:00:00\n"}
,{"stream_name":"stdout","time":26.391620869,"data":"true pairs 7638365  S1 2206821  R 10320219  13s\n"}
,{"stream_name":"stdout","time":27.917323095,"data":"\n"}
,{"stream_name":"stdout","time":27.917385645,"data":"[1] Indic lexicon: 1318 words; mean share 0.9979\n"}
,{"stream_name":"stdout","time":27.921093463,"data":"shape: (12, 4)\n"}
,{"stream_name":"stdout","time":27.921120563,"data":"┌─────────┬─────────┬────────┬──────────┐\n"}
,{"stream_name":"stdout","time":27.921126243,"data":"│ indic   ┆ latin   ┆ n      ┆ share    │\n"}
,{"stream_name":"stdout","time":27.921129933,"data":"│ ---     ┆ ---     ┆ ---    ┆ ---      │\n"}
,{"stream_name":"stdout","time":27.921133693,"data":"│ str     ┆ str     ┆ u32    ┆ f64      │\n"}
,{"stream_name":"stdout","time":27.921137233,"data":"╞═════════╪═════════╪════════╪══════════╡\n"}
,{"stream_name":"stdout","time":27.921141153,"data":"│ लिमिटेड  ┆ limited ┆ 219188 ┆ 1.0      │\n"}
,{"stream_name":"stdout","time":27.921144433,"data":"│ प्राइवेट  ┆ private ┆ 185293 ┆ 1.0      │\n"}
,{"stream_name":"stdout","time":27.921147383,"data":"│ प्रा     ┆ pvt     ┆ 40977  ┆ 1.0      │\n"}
,{"stream_name":"stdout","time":27.921150423,"data":"│ लि      ┆ ltd     ┆ 40977  ┆ 1.0      │\n"}
,{"stream_name":"stdout","time":27.921153473,"data":"│ లిమిటెడ్    ┆ limited ┆ 32034  ┆ 0.843511 │\n"}
,{"stream_name":"stdout","time":27.921156493,"data":"│ ಲಿಮಿಟೆಡ್    ┆ limited ┆ 30636  ┆ 0.84406  │\n"}
,{"stream_name":"stdout","time":27.921159443,"data":"│ லிமிடெட் ┆ limited ┆ 27569  ┆ 0.843063 │\n"}
,{"stream_name":"stdout","time":27.921162543,"data":"│ ప్రైవేట్    ┆ private ┆ 27258  ┆ 0.820999 │\n"}
,{"stream_name":"stdout","time":27.921165853,"data":"│ ಪ್ರೈವೇಟ್    ┆ private ┆ 25892  ┆ 0.820614 │\n"}
,{"stream_name":"stdout","time":27.921169093,"data":"│ লিমিটেড ┆ limited ┆ 25143  ┆ 0.839695 │\n"}
,{"stream_name":"stdout","time":27.921172283,"data":"│ લિમિટેડ  ┆ limited ┆ 25050  ┆ 1.0      │\n"}
,{"stream_name":"stdout","time":27.921175223,"data":"│ பிரைவேட் ┆ private ┆ 23426  ┆ 0.820296 │\n"}
,{"stream_name":"stdout","time":27.921177243,"data":"└─────────┴─────────┴────────┴──────────┘\n"}
,{"stream_name":"stdout","time":30.867295126,"data":"\n"}
,{"stream_name":"stdout","time":30.867496287,"data":"[2] vocab tokens 126112\n"}
,{"stream_name":"stdout","time":50.65716943,"data":"siblings on TRAIN hidden words (395): coverage 1.000, accuracy 1.000\n"}
,{"stream_name":"stdout","time":51.484908412,"data":"skeleton/fuzzy fallback on the same hidden words: accuracy 0.522\n"}
,{"stream_name":"stdout","time":52.167394722,"data":"test Indic word types 1518; unseen 200 = 0.0533 of tokens\n"}
,{"stream_name":"stdout","time":73.340995236,"data":"test unseen words: 25 via siblings, 175 via fallback\n"}
,{"stream_name":"stdout","time":73.341323336,"data":"shape: (40, 3)\n"}
,{"stream_name":"stdout","time":73.341332796,"data":"┌────────────┬──────────────┬──────────┐\n"}
,{"stream_name":"stdout","time":73.341417706,"data":"│ indic      ┆ latin        ┆ how      │\n"}
,{"stream_name":"stdout","time":73.341425406,"data":"│ ---        ┆ ---          ┆ ---      │\n"}
,{"stream_name":"stdout","time":73.341428506,"data":"│ str        ┆ str          ┆ str      │\n"}
,{"stream_name":"stdout","time":73.341431416,"data":"╞════════════╪══════════════╪══════════╡\n"}
,{"stream_name":"stdout","time":73.341434576,"data":"│ জয়         ┆ jay          ┆ siblings │\n"}
,{"stream_name":"stdout","time":73.341438336,"data":"│ ಶ್ರೀ         ┆ sree         ┆ siblings │\n"}
,{"stream_name":"stdout","time":73.341441696,"data":"│ लक्ष्मी      ┆ laxmi        ┆ siblings │\n"}
,{"stream_name":"stdout","time":73.341444976,"data":"│ ଶିବ         ┆ shiva        ┆ siblings │\n"}
,{"stream_name":"stdout","time":73.341448626,"data":"│ ଜୟ         ┆ jay          ┆ siblings │\n"}
,{"stream_name":"stdout","time":73.341450766,"data":"│ శ్రీ         ┆ shree        ┆ siblings │\n"}
,{"stream_name":"stdout","time":73.341452746,"data":"│ జై          ┆ jay          ┆ siblings │\n"}
,{"stream_name":"stdout","time":73.341454716,"data":"│ లక్ష్మి       ┆ lakshmi      ┆ siblings │\n"}
,{"stream_name":"stdout","time":73.341456676,"data":"│ ਲਕਸ਼ਮੀ      ┆ lakshmi      ┆ siblings │\n"}
,{"stream_name":"stdout","time":73.341458656,"data":"│ ஜெய்        ┆ jai          ┆ siblings │\n"}
,{"stream_name":"stdout","time":73.341460656,"data":"│ શ્રી        ┆ shree        ┆ siblings │\n"}
,{"stream_name":"stdout","time":73.341462616,"data":"│ લક્ષ્મી      ┆ laxmi        ┆ siblings │\n"}
,{"stream_name":"stdout","time":73.341464586,"data":"│ ଲକ୍ଷ୍ମୀ      ┆ lakshmi      ┆ siblings │\n"}
,{"stream_name":"stdout","time":73.341466526,"data":"│ শিব        ┆ shiva        ┆ siblings │\n"}
,{"stream_name":"stdout","time":73.341468476,"data":"│ ಲಕ್ಷ್ಮಿ       ┆ lakshmi      ┆ siblings │\n"}
,{"stream_name":"stdout","time":73.341470716,"data":"│ जय         ┆ jay          ┆ siblings │\n"}
,{"stream_name":"stdout","time":73.341472626,"data":"│ ਸ੍ਰੀ        ┆ sree         ┆ siblings │\n"}
,{"stream_name":"stdout","time":73.341474536,"data":"│ ജയ്         ┆ jai          ┆ siblings │\n"}
,{"stream_name":"stdout","time":73.341476686,"data":"│ লক্ষ্মী      ┆ lakshmi      ┆ siblings │\n"}
,{"stream_name":"stdout","time":73.341479286,"data":"│ ଅଲ୍         ┆ all          ┆ siblings │\n"}
,{"stream_name":"stdout","time":73.341482476,"data":"│ শ্রী        ┆ shree        ┆ siblings │\n"}
,{"stream_name":"stdout","time":73.341486086,"data":"│ જય         ┆ jay          ┆ siblings │\n"}
,{"stream_name":"stdout","time":73.341489256,"data":"│ ਜੈ          ┆ jai          ┆ siblings │\n"}
,{"stream_name":"stdout","time":73.341492276,"data":"│ లక్ష్మీ       ┆ laxmi        ┆ siblings │\n"}
,{"stream_name":"stdout","time":73.341495856,"data":"│ ଶ୍ରୀ        ┆ sree         ┆ siblings │\n"}
,{"stream_name":"stdout","time":73.341499806,"data":"│ బేకరీ        ┆ bakery       ┆ skeleton │\n"}
,{"stream_name":"stdout","time":73.341503466,"data":"│ സ്റ്റീൽ      ┆ shree        ┆ skeleton │\n"}
,{"stream_name":"stdout","time":73.341511986,"data":"│ मेडिकल्स     ┆ medicals     ┆ skeleton │\n"}
,{"stream_name":"stdout","time":73.341515426,"data":"│ ஸ்டீல்        ┆ steel        ┆ skeleton │\n"}
,{"stream_name":"stdout","time":73.341518266,"data":"│ ಟೆಕ್ಸ್‌ಟೈಲ್ಸ್     ┆ retails      ┆ fuzzy    │\n"}
,{"stream_name":"stdout","time":73.341521316,"data":"│ स्वीट्स      ┆ sweets       ┆ skeleton │\n"}
,{"stream_name":"stdout","time":73.341524406,"data":"│ ସ୍ୱିଟ୍ସ୍       ┆ states       ┆ skeleton │\n"}
,{"stream_name":"stdout","time":73.341528006,"data":"│ ज्वेलर्स      ┆ jewelers     ┆ skeleton │\n"}
,{"stream_name":"stdout","time":73.341531016,"data":"│ ఆటోమొబైల్స్     ┆ automobiles  ┆ skeleton │\n"}
,{"stream_name":"stdout","time":73.341534206,"data":"│ ઓટોમોબાઇલ્સ ┆ automobiles  ┆ fuzzy    │\n"}
,{"stream_name":"stdout","time":73.341537276,"data":"│ ஆட்டோமொபைல்ஸ் ┆ aattomopails ┆ translit │\n"}
,{"stream_name":"stdout","time":73.341540036,"data":"│ ಜ್ಯುವೆಲರ್ಸ್    ┆ jewelers     ┆ skeleton │\n"}
,{"stream_name":"stdout","time":73.341543146,"data":"│ സ്റ്റോർസ്     ┆ source       ┆ skeleton │\n"}
,{"stream_name":"stdout","time":73.341546186,"data":"│ స్టోర్స్       ┆ stores       ┆ skeleton │\n"}
,{"stream_name":"stdout","time":73.341548966,"data":"│ ਟ੍ਰੇਡਰਜ਼      ┆ traders      ┆ skeleton │\n"}
,{"stream_name":"stdout","time":73.341551886,"data":"└────────────┴──────────────┴──────────┘\n"}
,{"stream_name":"stdout","time":96.958491279,"data":"\n"}
,{"stream_name":"stdout","time":96.958534289,"data":"[3a] address synonym edges 159\n"}
,{"stream_name":"stdout","time":96.959515988,"data":"shape: (70, 7)\n"}
,{"stream_name":"stdout","time":96.959542088,"data":"┌─────────────┬────────────────┬────────┬────────┬────────┬──────────┬──────────┐\n"}
,{"stream_name":"stdout","time":96.959550598,"data":"│ da          ┆ db             ┆ n_ab   ┆ n_a    ┆ n_b    ┆ p_b_a    ┆ p_a_b    │\n"}
,{"stream_name":"stdout","time":96.959555558,"data":"│ ---         ┆ ---            ┆ ---    ┆ ---    ┆ ---    ┆ ---      ┆ ---      │\n"}
,{"stream_name":"stdout","time":96.959560328,"data":"│ str         ┆ str            ┆ u32    ┆ u32    ┆ u32    ┆ f64      ┆ f64      │\n"}
,{"stream_name":"stdout","time":96.959565238,"data":"╞═════════════╪════════════════╪════════╪════════╪════════╪══════════╪══════════╡\n"}
,{"stream_name":"stdout","time":96.959570068,"data":"│ street      ┆ st             ┆ 148107 ┆ 166725 ┆ 150190 ┆ 0.888331 ┆ 0.986131 │\n"}
,{"stream_name":"stdout","time":96.959574548,"data":"│ road        ┆ rd             ┆ 144249 ┆ 149481 ┆ 144362 ┆ 0.964999 ┆ 0.999217 │\n"}
,{"stream_name":"stdout","time":96.959579188,"data":"│ drive       ┆ dr             ┆ 133443 ┆ 135524 ┆ 133446 ┆ 0.984645 ┆ 0.999978 │\n"}
,{"stream_name":"stdout","time":96.959584118,"data":"│ avenue      ┆ ave            ┆ 108415 ┆ 110378 ┆ 108416 ┆ 0.982216 ┆ 0.999991 │\n"}
,{"stream_name":"stdout","time":96.959598518,"data":"│ tx          ┆ texas          ┆ 79357  ┆ 79552  ┆ 79360  ┆ 0.997549 ┆ 0.999962 │\n"}
,{"stream_name":"stdout","time":96.959602228,"data":"│ maharashtra ┆ mh             ┆ 59003  ┆ 105326 ┆ 59134  ┆ 0.560194 ┆ 0.997785 │\n"}
,{"stream_name":"stdout","time":96.959605348,"data":"│ lane        ┆ ln             ┆ 57165  ┆ 58199  ┆ 57171  ┆ 0.982233 ┆ 0.999895 │\n"}
,{"stream_name":"stdout","time":96.959608628,"data":"│ oh          ┆ ohio           ┆ 48769  ┆ 48822  ┆ 48776  ┆ 0.998914 ┆ 0.999856 │\n"}
,{"stream_name":"stdout","time":96.959611488,"data":"│ nc          ┆ carolina       ┆ 47564  ┆ 47756  ┆ 49226  ┆ 0.99598  ┆ 0.966237 │\n"}
,{"stream_name":"stdout","time":96.959614648,"data":"│ nc          ┆ north          ┆ 47542  ┆ 47756  ┆ 52778  ┆ 0.995519 ┆ 0.900792 │\n"}
,{"stream_name":"stdout","time":96.959617678,"data":"│ maharashtra ┆ mahaaraashtr   ┆ 46136  ┆ 105326 ┆ 46208  ┆ 0.43803  ┆ 0.998442 │\n"}
,{"stream_name":"stdout","time":96.959620758,"data":"│ ny          ┆ york           ┆ 45640  ┆ 46115  ┆ 45653  ┆ 0.9897   ┆ 0.999715 │\n"}
,{"stream_name":"stdout","time":96.959625448,"data":"│ ny          ┆ new            ┆ 44872  ┆ 46115  ┆ 51521  ┆ 0.973046 ┆ 0.870946 │\n"}
,{"stream_name":"stdout","time":96.959628568,"data":"│ il          ┆ illinois       ┆ 44171  ┆ 44241  ┆ 44177  ┆ 0.998418 ┆ 0.999864 │\n"}
,{"stream_name":"stdout","time":96.959631878,"data":"│ tn          ┆ tennessee      ┆ 35005  ┆ 35033  ┆ 35005  ┆ 0.999201 ┆ 1.0      │\n"}
,{"stream_name":"stdout","time":96.959635068,"data":"│ court       ┆ ct             ┆ 33551  ┆ 34302  ┆ 33563  ┆ 0.978106 ┆ 0.999642 │\n"}
,{"stream_name":"stdout","time":96.959638148,"data":"│ ma          ┆ massachusetts  ┆ 32887  ┆ 32955  ┆ 32887  ┆ 0.997937 ┆ 1.0      │\n"}
,{"stream_name":"stdout","time":96.959641158,"data":"│ az          ┆ arizona        ┆ 31269  ┆ 31382  ┆ 31269  ┆ 0.996399 ┆ 1.0      │\n"}
,{"stream_name":"stdout","time":96.959644178,"data":"│ in          ┆ indiana        ┆ 28707  ┆ 28778  ┆ 28707  ┆ 0.997533 ┆ 1.0      │\n"}
,{"stream_name":"stdout","time":96.959647228,"data":"│ va          ┆ virginia       ┆ 26938  ┆ 28223  ┆ 34961  ┆ 0.95447  ┆ 0.770516 │\n"}
,{"stream_name":"stdout","time":96.959650228,"data":"│ wa          ┆ washington     ┆ 24142  ┆ 24195  ┆ 24686  ┆ 0.997809 ┆ 0.977963 │\n"}
,{"stream_name":"stdout","time":96.959653198,"data":"│ md          ┆ maryland       ┆ 23602  ┆ 23623  ┆ 23606  ┆ 0.999111 ┆ 0.999831 │\n"}
,{"stream_name":"stdout","time":96.959656178,"data":"│ pradesh     ┆ up             ┆ 22032  ┆ 36827  ┆ 22155  ┆ 0.598257 ┆ 0.994448 │\n"}
,{"stream_name":"stdout","time":96.959659258,"data":"│ uttar       ┆ up             ┆ 22022  ┆ 22105  ┆ 22155  ┆ 0.996245 ┆ 0.993997 │\n"}
,{"stream_name":"stdout","time":96.959663068,"data":"│ ca          ┆ california     ┆ 20985  ┆ 21011  ┆ 20985  ┆ 0.998763 ┆ 1.0      │\n"}
,{"stream_name":"stdout","time":96.959666048,"data":"│ karnataka   ┆ ka             ┆ 20061  ┆ 36283  ┆ 20162  ┆ 0.552904 ┆ 0.994991 │\n"}
,{"stream_name":"stdout","time":96.959669088,"data":"│ al          ┆ alabama        ┆ 18886  ┆ 18908  ┆ 18886  ┆ 0.998836 ┆ 1.0      │\n"}
,{"stream_name":"stdout","time":96.959672348,"data":"│ bengal      ┆ wb             ┆ 17998  ┆ 30867  ┆ 18122  ┆ 0.583082 ┆ 0.993157 │\n"}
,{"stream_name":"stdout","time":96.959675438,"data":"│ west        ┆ wb             ┆ 17876  ┆ 41175  ┆ 18122  ┆ 0.434147 ┆ 0.986425 │\n"}
,{"stream_name":"stdout","time":96.959682328,"data":"│ tamil       ┆ tn             ┆ 17837  ┆ 31629  ┆ 17863  ┆ 0.563944 ┆ 0.998544 │\n"}
,{"stream_name":"stdout","time":96.959685728,"data":"│ nadu        ┆ tn             ┆ 17836  ┆ 31628  ┆ 17863  ┆ 0.563931 ┆ 0.998488 │\n"}
,{"stream_name":"stdout","time":96.959688918,"data":"│ mn          ┆ minnesota      ┆ 17749  ┆ 17767  ┆ 17750  ┆ 0.998987 ┆ 0.999944 │\n"}
,{"stream_name":"stdout","time":96.959691918,"data":"│ or          ┆ oregon         ┆ 17301  ┆ 17450  ┆ 17306  ┆ 0.991461 ┆ 0.999711 │\n"}
,{"stream_name":"stdout","time":96.959695138,"data":"│ gujarat     ┆ gj             ┆ 17270  ┆ 30506  ┆ 17320  ┆ 0.566118 ┆ 0.997113 │\n"}
,{"stream_name":"stdout","time":96.959698138,"data":"│ ky          ┆ kentucky       ┆ 16993  ┆ 17016  ┆ 17332  ┆ 0.998648 ┆ 0.980441 │\n"}
,{"stream_name":"stdout","time":96.959701098,"data":"│ circle      ┆ cir            ┆ 16258  ┆ 16584  ┆ 16259  ┆ 0.980342 ┆ 0.999938 │\n"}
,{"stream_name":"stdout","time":96.959704038,"data":"│ karnataka   ┆ karnaatak      ┆ 16211  ┆ 36283  ┆ 16268  ┆ 0.446793 ┆ 0.996496 │\n"}
,{"stream_name":"stdout","time":96.959706988,"data":"│ ar          ┆ arkansas       ┆ 15531  ┆ 15559  ┆ 15585  ┆ 0.9982   ┆ 0.996535 │\n"}
,{"stream_name":"stdout","time":96.959709888,"data":"│ place       ┆ pl             ┆ 15265  ┆ 15749  ┆ 15270  ┆ 0.969268 ┆ 0.999673 │\n"}
,{"stream_name":"stdout","time":96.959712808,"data":"│ mo          ┆ missouri       ┆ 14627  ┆ 14638  ┆ 14627  ┆ 0.999249 ┆ 1.0      │\n"}
,{"stream_name":"stdout","time":96.959715788,"data":"│ nadu        ┆ tamilnaatu     ┆ 13791  ┆ 31628  ┆ 13814  ┆ 0.436038 ┆ 0.998335 │\n"}
,{"stream_name":"stdout","time":96.959718778,"data":"│ tamil       ┆ tamilnaatu     ┆ 13790  ┆ 31629  ┆ 13814  ┆ 0.435992 ┆ 0.998263 │\n"}
,{"stream_name":"stdout","time":96.959721708,"data":"│ telangana   ┆ tg             ┆ 13258  ┆ 33117  ┆ 13286  ┆ 0.400338 ┆ 0.997893 │\n"}
,{"stream_name":"stdout","time":96.959724748,"data":"│ gujarat     ┆ gujaraat       ┆ 13242  ┆ 30506  ┆ 13286  ┆ 0.434079 ┆ 0.996688 │\n"}
,{"stream_name":"stdout","time":96.959727758,"data":"│ wi          ┆ wisconsin      ┆ 13003  ┆ 13096  ┆ 13029  ┆ 0.992899 ┆ 0.998004 │\n"}
,{"stream_name":"stdout","time":96.959730748,"data":"│ ok          ┆ oklahoma       ┆ 12915  ┆ 12944  ┆ 12974  ┆ 0.99776  ┆ 0.995452 │\n"}
,{"stream_name":"stdout","time":96.959733678,"data":"│ bengal      ┆ pashchimabangg ┆ 12860  ┆ 30867  ┆ 12910  ┆ 0.416626 ┆ 0.996127 │\n"}
,{"stream_name":"stdout","time":96.959736768,"data":"│ boulevard   ┆ blvd           ┆ 12856  ┆ 13293  ┆ 12856  ┆ 0.967126 ┆ 1.0      │\n"}
,{"stream_name":"stdout","time":96.959739708,"data":"│ west        ┆ pashchimabangg ┆ 12769  ┆ 41175  ┆ 12910  ┆ 0.310115 ┆ 0.989078 │\n"}
,{"stream_name":"stdout","time":96.959742648,"data":"│ ut          ┆ utah           ┆ 12633  ┆ 12659  ┆ 12633  ┆ 0.997946 ┆ 1.0      │\n"}
,{"stream_name":"stdout","time":96.959745618,"data":"│ ia          ┆ iowa           ┆ 12475  ┆ 12659  ┆ 12476  ┆ 0.985465 ┆ 0.99992  │\n"}
,{"stream_name":"stdout","time":96.959748738,"data":"│ haryana     ┆ hr             ┆ 11309  ┆ 19795  ┆ 11427  ┆ 0.571306 ┆ 0.989674 │\n"}
,{"stream_name":"stdout","time":96.959751698,"data":"│ ct          ┆ connecticut    ┆ 10744  ┆ 10754  ┆ 10843  ┆ 0.99907  ┆ 0.99087  │\n"}
,{"stream_name":"stdout","time":96.959770188,"data":"│ telangana   ┆ telangaan      ┆ 10430  ┆ 33117  ┆ 10447  ┆ 0.314944 ┆ 0.998373 │\n"}
,{"stream_name":"stdout","time":96.959773698,"data":"│ rajasthan   ┆ rj             ┆ 10344  ┆ 18171  ┆ 10386  ┆ 0.569259 ┆ 0.995956 │\n"}
,{"stream_name":"stdout","time":96.959776998,"data":"│ telangana   ┆ pradesh        ┆ 9402   ┆ 33117  ┆ 9428   ┆ 0.283903 ┆ 0.997242 │\n"}
,{"stream_name":"stdout","time":96.959779988,"data":"│ telangana   ┆ andhra         ┆ 9397   ┆ 33117  ┆ 9423   ┆ 0.283752 ┆ 0.997241 │\n"}
,{"stream_name":"stdout","time":96.959782948,"data":"│ kerala      ┆ kl             ┆ 8973   ┆ 22977  ┆ 9002   ┆ 0.390521 ┆ 0.996778 │\n"}
,{"stream_name":"stdout","time":96.959785888,"data":"│ haryana     ┆ hariyaanaa     ┆ 8460   ┆ 19795  ┆ 8565   ┆ 0.427381 ┆ 0.987741 │\n"}
,{"stream_name":"stdout","time":96.959789008,"data":"│ ks          ┆ kansas         ┆ 8186   ┆ 8716   ┆ 8186   ┆ 0.939192 ┆ 1.0      │\n"}
,{"stream_name":"stdout","time":96.959791988,"data":"│ wv          ┆ virginia       ┆ 8017   ┆ 8050   ┆ 34961  ┆ 0.995901 ┆ 0.229313 │\n"}
,{"stream_name":"stdout","time":96.959794988,"data":"│ wv          ┆ west           ┆ 7984   ┆ 8050   ┆ 10376  ┆ 0.991801 ┆ 0.769468 │\n"}
,{"stream_name":"stdout","time":96.959798028,"data":"│ rajasthan   ┆ raajasthaan    ┆ 7823   ┆ 18171  ┆ 7837   ┆ 0.430521 ┆ 0.998214 │\n"}
,{"stream_name":"stdout","time":96.959801048,"data":"│ trail       ┆ trl            ┆ 7537   ┆ 7715   ┆ 7541   ┆ 0.976928 ┆ 0.99947  │\n"}
,{"stream_name":"stdout","time":96.959804018,"data":"│ bihar       ┆ br             ┆ 7145   ┆ 12644  ┆ 7190   ┆ 0.56509  ┆ 0.993741 │\n"}
,{"stream_name":"stdout","time":96.959807018,"data":"│ kerala      ┆ keralam        ┆ 7133   ┆ 22977  ┆ 7157   ┆ 0.310441 ┆ 0.996647 │\n"}
,{"stream_name":"stdout","time":96.959810048,"data":"│ me          ┆ maine          ┆ 6996   ┆ 7004   ┆ 7013   ┆ 0.998858 ┆ 0.997576 │\n"}
,{"stream_name":"stdout","time":96.959813018,"data":"│ kerala      ┆ keralan        ┆ 6866   ┆ 22977  ┆ 6890   ┆ 0.298821 ┆ 0.996517 │\n"}
,{"stream_name":"stdout","time":96.959816008,"data":"│ pradesh     ┆ mp             ┆ 6805   ┆ 36827  ┆ 6818   ┆ 0.184783 ┆ 0.998093 │\n"}
,{"stream_name":"stdout","time":96.959819008,"data":"│ madhya      ┆ mp             ┆ 6801   ┆ 12613  ┆ 6818   ┆ 0.539206 ┆ 0.997507 │\n"}
,{"stream_name":"stdout","time":96.959822078,"data":"└─────────────┴────────────────┴────────┴────────┴────────┴──────────┴──────────┘\n"}
,{"stream_name":"stdout","time":107.965939452,"data":"\n"}
,{"stream_name":"stdout","time":107.965971362,"data":"[3b] name synonym edges 19\n"}
,{"stream_name":"stdout","time":107.966281442,"data":"shape: (19, 7)\n"}
,{"stream_name":"stdout","time":107.966288082,"data":"┌─────────────┬──────────────┬───────┬───────┬───────┬──────────┬──────────┐\n"}
,{"stream_name":"stdout","time":107.966293862,"data":"│ da          ┆ db           ┆ n_ab  ┆ n_a   ┆ n_b   ┆ p_b_a    ┆ p_a_b    │\n"}
,{"stream_name":"stdout","time":107.966297252,"data":"│ ---         ┆ ---          ┆ ---   ┆ ---   ┆ ---   ┆ ---      ┆ ---      │\n"}
,{"stream_name":"stdout","time":107.966313472,"data":"│ str         ┆ str          ┆ u32   ┆ u32   ┆ u32   ┆ f64      ┆ f64      │\n"}
,{"stream_name":"stdout","time":107.966317482,"data":"╞═════════════╪══════════════╪═══════╪═══════╪═══════╪══════════╪══════════╡\n"}
,{"stream_name":"stdout","time":107.966321722,"data":"│ limited     ┆ ltd          ┆ 75728 ┆ 97174 ┆ 76597 ┆ 0.779303 ┆ 0.988655 │\n"}
,{"stream_name":"stdout","time":107.966325002,"data":"│ inc         ┆ incorporated ┆ 16447 ┆ 31159 ┆ 16447 ┆ 0.527841 ┆ 1.0      │\n"}
,{"stream_name":"stdout","time":107.966328351,"data":"│ ltd         ┆ limited      ┆ 11975 ┆ 18856 ┆ 12356 ┆ 0.635076 ┆ 0.969165 │\n"}
,{"stream_name":"stdout","time":107.966331671,"data":"│ corp        ┆ corporation  ┆ 3201  ┆ 5625  ┆ 3977  ┆ 0.569067 ┆ 0.804878 │\n"}
,{"stream_name":"stdout","time":107.966334682,"data":"│ corporation ┆ corp         ┆ 2110  ┆ 3631  ┆ 2852  ┆ 0.581107 ┆ 0.739832 │\n"}
,{"stream_name":"stdout","time":107.966337631,"data":"│ co          ┆ company      ┆ 2090  ┆ 5138  ┆ 2458  ┆ 0.406773 ┆ 0.850285 │\n"}
,{"stream_name":"stdout","time":107.966340722,"data":"│ company     ┆ co           ┆ 2061  ┆ 3481  ┆ 3142  ┆ 0.592071 ┆ 0.655952 │\n"}
,{"stream_name":"stdout","time":107.966343702,"data":"│ india       ┆ lndia        ┆ 1191  ┆ 9889  ┆ 1208  ┆ 0.120437 ┆ 0.985927 │\n"}
,{"stream_name":"stdout","time":107.966346711,"data":"│ dental      ┆ denta1       ┆ 330   ┆ 1899  ┆ 331   ┆ 0.173776 ┆ 0.996979 │\n"}
,{"stream_name":"stdout","time":107.966350122,"data":"│ of          ┆ 0f           ┆ 330   ┆ 1015  ┆ 334   ┆ 0.325123 ┆ 0.988024 │\n"}
,{"stream_name":"stdout","time":107.966353151,"data":"│ family      ┆ fami1y       ┆ 303   ┆ 1753  ┆ 306   ┆ 0.172847 ┆ 0.990196 │\n"}
,{"stream_name":"stdout","time":107.966372651,"data":"│ delhi       ┆ de1hi        ┆ 266   ┆ 1152  ┆ 266   ┆ 0.230903 ┆ 1.0      │\n"}
,{"stream_name":"stdout","time":107.966379742,"data":"│ vision      ┆ visi0n       ┆ 254   ┆ 1090  ┆ 254   ┆ 0.233028 ┆ 1.0      │\n"}
,{"stream_name":"stdout","time":107.966383811,"data":"│ capital     ┆ capita1      ┆ 250   ┆ 2181  ┆ 253   ┆ 0.114626 ┆ 0.988142 │\n"}
,{"stream_name":"stdout","time":107.966387171,"data":"│ it          ┆ lt           ┆ 240   ┆ 843   ┆ 253   ┆ 0.284698 ┆ 0.948617 │\n"}
,{"stream_name":"stdout","time":107.966390431,"data":"│ green       ┆ 6reen        ┆ 219   ┆ 1380  ┆ 224   ┆ 0.158696 ┆ 0.977679 │\n"}
,{"stream_name":"stdout","time":107.966393602,"data":"│ all         ┆ a1l          ┆ 205   ┆ 771   ┆ 206   ┆ 0.265888 ┆ 0.995146 │\n"}
,{"stream_name":"stdout","time":107.966396842,"data":"│ blue        ┆ 8lue         ┆ 204   ┆ 1500  ┆ 205   ┆ 0.136    ┆ 0.995122 │\n"}
,{"stream_name":"stdout","time":107.966400142,"data":"│ star        ┆ 5tar         ┆ 202   ┆ 1149  ┆ 203   ┆ 0.175805 ┆ 0.995074 │\n"}
,{"stream_name":"stdout","time":107.966403791,"data":"└─────────────┴──────────────┴───────┴───────┴───────┴──────────┴──────────┘\n"}
,{"stream_name":"stdout","time":145.229043754,"data":"\n"}
,{"stream_name":"stdout","time":145.229085334,"data":"[4] equal-name baseline: [{'pairs': 29950883, 'precision': 0.08573229710790163}]\n"}
,{"stream_name":"stdout","time":145.229797794,"data":"EXTRA token in R, mostly TRUE copies (noise words):\n"}
,{"stream_name":"stdout","time":145.230755984,"data":"shape: (40, 5)\n"}
,{"stream_name":"stdout","time":145.230766954,"data":"┌──────────────────┬─────────┬────────┬──────────┬──────────┐\n"}
,{"stream_name":"stdout","time":145.230772054,"data":"│ t                ┆ n       ┆ n_true ┆ n_orphan ┆ p_true   │\n"}
,{"stream_name":"stdout","time":145.230775524,"data":"│ ---              ┆ ---     ┆ ---    ┆ ---      ┆ ---      │\n"}
,{"stream_name":"stdout","time":145.230779074,"data":"│ str              ┆ u32     ┆ u32    ┆ u32      ┆ f64      │\n"}
,{"stream_name":"stdout","time":145.230782684,"data":"╞══════════════════╪═════════╪════════╪══════════╪══════════╡\n"}
,{"stream_name":"stdout","time":145.230786394,"data":"│ company          ┆ 66417   ┆ 12223  ┆ 3124     ┆ 0.184034 │\n"}
,{"stream_name":"stdout","time":145.230789824,"data":"│ sri              ┆ 126968  ┆ 14219  ┆ 18891    ┆ 0.111989 │\n"}
,{"stream_name":"stdout","time":145.230793274,"data":"│ shri             ┆ 125019  ┆ 13987  ┆ 18791    ┆ 0.111879 │\n"}
,{"stream_name":"stdout","time":145.230796354,"data":"│ dr               ┆ 125089  ┆ 13987  ┆ 18662    ┆ 0.111816 │\n"}
,{"stream_name":"stdout","time":145.230799654,"data":"│ smt              ┆ 125437  ┆ 13981  ┆ 18192    ┆ 0.111458 │\n"}
,{"stream_name":"stdout","time":145.230802924,"data":"│ mr               ┆ 126359  ┆ 13932  ┆ 19011    ┆ 0.110257 │\n"}
,{"stream_name":"stdout","time":145.230805934,"data":"│ c0mpany          ┆ 763     ┆ 80     ┆ 8        ┆ 0.104849 │\n"}
,{"stream_name":"stdout","time":145.230809034,"data":"│ the              ┆ 614198  ┆ 62498  ┆ 31262    ┆ 0.101755 │\n"}
,{"stream_name":"stdout","time":145.230812124,"data":"│ wwwcontinentacom ┆ 246     ┆ 24     ┆ 2        ┆ 0.097561 │\n"}
,{"stream_name":"stdout","time":145.230815214,"data":"│ llp              ┆ 134290  ┆ 12347  ┆ 46163    ┆ 0.091943 │\n"}
,{"stream_name":"stdout","time":145.230818854,"data":"│ wwwheartlandcom  ┆ 244     ┆ 22     ┆ 1        ┆ 0.090164 │\n"}
,{"stream_name":"stdout","time":145.230822394,"data":"│ corporation      ┆ 700738  ┆ 54276  ┆ 18236    ┆ 0.077455 │\n"}
,{"stream_name":"stdout","time":145.230826334,"data":"│ limited          ┆ 177956  ┆ 12160  ┆ 55767    ┆ 0.068331 │\n"}
,{"stream_name":"stdout","time":145.230829484,"data":"│ wwwmetropolitcom ┆ 295     ┆ 19     ┆ 2        ┆ 0.064407 │\n"}
,{"stream_name":"stdout","time":145.230832594,"data":"│ c0rporation      ┆ 4989    ┆ 309    ┆ 55       ┆ 0.061936 │\n"}
,{"stream_name":"stdout","time":145.230835534,"data":"│ c0               ┆ 4774    ┆ 272    ┆ 134      ┆ 0.056975 │\n"}
,{"stream_name":"stdout","time":145.230838664,"data":"│ lp               ┆ 803437  ┆ 41901  ┆ 20843    ┆ 0.052152 │\n"}
,{"stream_name":"stdout","time":145.230841694,"data":"│ wwwinterfaithcom ┆ 234     ┆ 12     ┆ 0        ┆ 0.051282 │\n"}
,{"stream_name":"stdout","time":145.230845074,"data":"│ 8oard            ┆ 433     ┆ 20     ┆ 1        ┆ 0.046189 │\n"}
,{"stream_name":"stdout","time":145.230848814,"data":"│ c0rp             ┆ 7305    ┆ 331    ┆ 444      ┆ 0.045311 │\n"}
,{"stream_name":"stdout","time":145.230851724,"data":"│ wwwcornerstoncom ┆ 284     ┆ 11     ┆ 1        ┆ 0.038732 │\n"}
,{"stream_name":"stdout","time":145.230861144,"data":"│ district         ┆ 55075   ┆ 1867   ┆ 2415     ┆ 0.033899 │\n"}
,{"stream_name":"stdout","time":145.230864194,"data":"│ commission       ┆ 51683   ┆ 1749   ┆ 2720     ┆ 0.033841 │\n"}
,{"stream_name":"stdout","time":145.230867134,"data":"│ c0mmission       ┆ 299     ┆ 10     ┆ 3        ┆ 0.033445 │\n"}
,{"stream_name":"stdout","time":145.230870284,"data":"│ wwwhistoricalcom ┆ 419     ┆ 14     ┆ 0        ┆ 0.033413 │\n"}
,{"stream_name":"stdout","time":145.230873754,"data":"│ board            ┆ 53347   ┆ 1763   ┆ 2575     ┆ 0.033048 │\n"}
,{"stream_name":"stdout","time":145.230877434,"data":"│ authority        ┆ 58842   ┆ 1795   ┆ 3418     ┆ 0.030505 │\n"}
,{"stream_name":"stdout","time":145.230880734,"data":"│ ltd              ┆ 1811839 ┆ 54002  ┆ 1166955  ┆ 0.029805 │\n"}
,{"stream_name":"stdout","time":145.230884084,"data":"│ wwwenvironmencom ┆ 303     ┆ 9      ┆ 0        ┆ 0.029703 │\n"}
,{"stream_name":"stdout","time":145.230887194,"data":"│ wwweducationcom  ┆ 238     ┆ 7      ┆ 32       ┆ 0.029412 │\n"}
,{"stream_name":"stdout","time":145.230890324,"data":"│ co               ┆ 1844678 ┆ 53824  ┆ 1158032  ┆ 0.029178 │\n"}
,{"stream_name":"stdout","time":145.230893314,"data":"│ wwworthopediccom ┆ 1167    ┆ 31     ┆ 2        ┆ 0.026564 │\n"}
,{"stream_name":"stdout","time":145.230904544,"data":"│ wwwstraightecom  ┆ 315     ┆ 8      ┆ 64       ┆ 0.025397 │\n"}
,{"stream_name":"stdout","time":145.230907624,"data":"│ corp             ┆ 2139670 ┆ 54051  ┆ 1175488  ┆ 0.025261 │\n"}
,{"stream_name":"stdout","time":145.230910624,"data":"│ wwwmainstreecom  ┆ 440     ┆ 11     ┆ 6        ┆ 0.025    │\n"}
,{"stream_name":"stdout","time":145.230913664,"data":"│ inia             ┆ 241     ┆ 6      ┆ 109      ┆ 0.024896 │\n"}
,{"stream_name":"stdout","time":145.230917044,"data":"│ lndia            ┆ 1402    ┆ 34     ┆ 95       ┆ 0.024251 │\n"}
,{"stream_name":"stdout","time":145.230920484,"data":"│ 5ociety          ┆ 709     ┆ 17     ┆ 28       ┆ 0.023977 │\n"}
,{"stream_name":"stdout","time":145.230923904,"data":"│ wwwvanguardcom   ┆ 214     ┆ 5      ┆ 0        ┆ 0.023364 │\n"}
,{"stream_name":"stdout","time":145.230927134,"data":"│ wwwrevitupcom    ┆ 216     ┆ 5      ┆ 1        ┆ 0.023148 │\n"}
,{"stream_name":"stdout","time":145.230930704,"data":"└──────────────────┴─────────┴────────┴──────────┴──────────┘\n"}
,{"stream_name":"stdout","time":145.230934464,"data":"EXTRA token in R, mostly NON-matches (decoy words):\n"}
,{"stream_name":"stdout","time":145.231553694,"data":"shape: (40, 5)\n"}
,{"stream_name":"stdout","time":145.231563954,"data":"┌──────────────┬────────┬────────┬──────────┬────────┐\n"}
,{"stream_name":"stdout","time":145.231568354,"data":"│ t            ┆ n      ┆ n_true ┆ n_orphan ┆ p_true │\n"}
,{"stream_name":"stdout","time":145.231572064,"data":"│ ---          ┆ ---    ┆ ---    ┆ ---      ┆ ---    │\n"}
,{"stream_name":"stdout","time":145.231575344,"data":"│ str          ┆ u32    ┆ u32    ┆ u32      ┆ f64    │\n"}
,{"stream_name":"stdout","time":145.231578634,"data":"╞══════════════╪════════╪════════╪══════════╪════════╡\n"}
,{"stream_name":"stdout","time":145.231586954,"data":"│ care         ┆ 926133 ┆ 0      ┆ 193549   ┆ 0.0    │\n"}
,{"stream_name":"stdout","time":145.231589054,"data":"│ private      ┆ 890974 ┆ 0      ┆ 136626   ┆ 0.0    │\n"}
,{"stream_name":"stdout","time":145.231590994,"data":"│ pc           ┆ 467960 ┆ 0      ┆ 9567     ┆ 0.0    │\n"}
,{"stream_name":"stdout","time":145.231592994,"data":"│ pediatric    ┆ 380950 ┆ 0      ┆ 37422    ┆ 0.0    │\n"}
,{"stream_name":"stdout","time":145.231594914,"data":"│ dental       ┆ 379705 ┆ 0      ┆ 35967    ┆ 0.0    │\n"}
,{"stream_name":"stdout","time":145.231596864,"data":"│ dentistry    ┆ 365336 ┆ 0      ┆ 32959    ┆ 0.0    │\n"}
,{"stream_name":"stdout","time":145.231598784,"data":"│ pllc         ┆ 347030 ┆ 0      ┆ 8250     ┆ 0.0    │\n"}
,{"stream_name":"stdout","time":145.231600764,"data":"│ clinic       ┆ 328238 ┆ 0      ┆ 152077   ┆ 0.0    │\n"}
,{"stream_name":"stdout","time":145.231602724,"data":"│ incorporated ┆ 317970 ┆ 0      ┆ 8644     ┆ 0.0    │\n"}
,{"stream_name":"stdout","time":145.231604674,"data":"│ coastal      ┆ 237777 ┆ 0      ┆ 155481   ┆ 0.0    │\n"}
,{"stream_name":"stdout","time":145.231606594,"data":"│ summit       ┆ 234448 ┆ 0      ┆ 157182   ┆ 0.0    │\n"}
,{"stream_name":"stdout","time":145.231608544,"data":"│ of           ┆ 232890 ┆ 0      ┆ 6366     ┆ 0.0    │\n"}
,{"stream_name":"stdout","time":145.231610474,"data":"│ harbor       ┆ 231001 ┆ 0      ┆ 152901   ┆ 0.0    │\n"}
,{"stream_name":"stdout","time":145.231612434,"data":"│ valley       ┆ 225843 ┆ 0      ┆ 150028   ┆ 0.0    │\n"}
,{"stream_name":"stdout","time":145.231614384,"data":"│ metro        ┆ 222719 ┆ 0      ┆ 144591   ┆ 0.0    │\n"}
,{"stream_name":"stdout","time":145.231616324,"data":"│ highland     ┆ 218107 ┆ 0      ┆ 151759   ┆ 0.0    │\n"}
,{"stream_name":"stdout","time":145.231618264,"data":"│ health       ┆ 204136 ┆ 0      ┆ 120848   ┆ 0.0    │\n"}
,{"stream_name":"stdout","time":145.231620224,"data":"│ north        ┆ 186782 ┆ 0      ┆ 154096   ┆ 0.0    │\n"}
,{"stream_name":"stdout","time":145.231622154,"data":"│ east         ┆ 184813 ┆ 0      ┆ 149926   ┆ 0.0    │\n"}
,{"stream_name":"stdout","time":145.231625624,"data":"│ specialists  ┆ 184705 ┆ 0      ┆ 129955   ┆ 0.0    │\n"}
,{"stream_name":"stdout","time":145.231629224,"data":"│ medicine     ┆ 181168 ┆ 0      ┆ 132579   ┆ 0.0    │\n"}
,{"stream_name":"stdout","time":145.231632734,"data":"│ south        ┆ 176892 ┆ 0      ┆ 144538   ┆ 0.0    │\n"}
,{"stream_name":"stdout","time":145.231637144,"data":"│ physicians   ┆ 166206 ┆ 0      ┆ 122800   ┆ 0.0    │\n"}
,{"stream_name":"stdout","time":145.231640494,"data":"│ west         ┆ 162251 ┆ 0      ┆ 143789   ┆ 0.0    │\n"}
,{"stream_name":"stdout","time":145.231643954,"data":"│ downtown     ┆ 148212 ┆ 0      ┆ 147391   ┆ 0.0    │\n"}
,{"stream_name":"stdout","time":145.231647404,"data":"│ westgate     ┆ 147489 ┆ 0      ┆ 147485   ┆ 0.0    │\n"}
,{"stream_name":"stdout","time":145.231651034,"data":"│ southside    ┆ 147131 ┆ 0      ┆ 147057   ┆ 0.0    │\n"}
,{"stream_name":"stdout","time":145.231654364,"data":"│ midtown      ┆ 145574 ┆ 0      ┆ 145564   ┆ 0.0    │\n"}
,{"stream_name":"stdout","time":145.231657714,"data":"│ central      ┆ 145300 ┆ 0      ┆ 142377   ┆ 0.0    │\n"}
,{"stream_name":"stdout","time":145.231661144,"data":"│ uptown       ┆ 144013 ┆ 0      ┆ 143156   ┆ 0.0    │\n"}
,{"stream_name":"stdout","time":145.231669844,"data":"│ northside    ┆ 141527 ┆ 0      ┆ 141527   ┆ 0.0    │\n"}
,{"stream_name":"stdout","time":145.231673194,"data":"│ greater      ┆ 141212 ┆ 0      ┆ 140956   ┆ 0.0    │\n"}
,{"stream_name":"stdout","time":145.231676584,"data":"│ eastgate     ┆ 140100 ┆ 0      ┆ 140100   ┆ 0.0    │\n"}
,{"stream_name":"stdout","time":145.231679894,"data":"│ riverside    ┆ 138317 ┆ 0      ┆ 138290   ┆ 0.0    │\n"}
,{"stream_name":"stdout","time":145.231682904,"data":"│ lakeside     ┆ 137676 ┆ 0      ┆ 137514   ┆ 0.0    │\n"}
,{"stream_name":"stdout","time":145.231686454,"data":"│ global       ┆ 113937 ┆ 0      ┆ 20238    ┆ 0.0    │\n"}
,{"stream_name":"stdout","time":145.231689844,"data":"│ great        ┆ 108156 ┆ 0      ┆ 13056    ┆ 0.0    │\n"}
,{"stream_name":"stdout","time":145.231692874,"data":"│ silver       ┆ 104021 ┆ 0      ┆ 11517    ┆ 0.0    │\n"}
,{"stream_name":"stdout","time":145.231696204,"data":"│ blue         ┆ 103440 ┆ 0      ┆ 13284    ┆ 0.0    │\n"}
,{"stream_name":"stdout","time":145.231699244,"data":"│ creative     ┆ 102070 ┆ 0      ┆ 9854     ┆ 0.0    │\n"}
,{"stream_name":"stdout","time":145.231702434,"data":"└──────────────┴────────┴────────┴──────────┴────────┘\n"}
,{"stream_name":"stdout","time":145.231706204,"data":"MISSING token (in S1, dropped from R):\n"}
,{"stream_name":"stdout","time":145.232187634,"data":"shape: (30, 4)\n"}
,{"stream_name":"stdout","time":145.232193994,"data":"┌────────────────┬─────────┬────────┬──────────┐\n"}
,{"stream_name":"stdout","time":145.232198724,"data":"│ t              ┆ n       ┆ n_true ┆ p_true   │\n"}
,{"stream_name":"stdout","time":145.232202654,"data":"│ ---            ┆ ---     ┆ ---    ┆ ---      │\n"}
,{"stream_name":"stdout","time":145.232206234,"data":"│ str            ┆ u32     ┆ u32    ┆ f64      │\n"}
,{"stream_name":"stdout","time":145.232209274,"data":"╞════════════════╪═════════╪════════╪══════════╡\n"}
,{"stream_name":"stdout","time":145.232212654,"data":"│ llc            ┆ 7713439 ┆ 229888 ┆ 0.029804 │\n"}
,{"stream_name":"stdout","time":145.232215674,"data":"│ inc            ┆ 4926810 ┆ 145113 ┆ 0.029454 │\n"}
,{"stream_name":"stdout","time":145.232218544,"data":"│ group          ┆ 3041819 ┆ 19087  ┆ 0.006275 │\n"}
,{"stream_name":"stdout","time":145.232221554,"data":"│ associates     ┆ 2170218 ┆ 6779   ┆ 0.003124 │\n"}
,{"stream_name":"stdout","time":145.232224624,"data":"│ limited        ┆ 2014462 ┆ 194059 ┆ 0.096333 │\n"}
,{"stream_name":"stdout","time":145.232227934,"data":"│ care           ┆ 1826493 ┆ 4780   ┆ 0.002617 │\n"}
,{"stream_name":"stdout","time":145.232231264,"data":"│ center         ┆ 1686808 ┆ 6764   ┆ 0.00401  │\n"}
,{"stream_name":"stdout","time":145.232234704,"data":"│ partners       ┆ 1481203 ┆ 5659   ┆ 0.003821 │\n"}
,{"stream_name":"stdout","time":145.232237864,"data":"│ health         ┆ 1416345 ┆ 1273   ┆ 0.000899 │\n"}
,{"stream_name":"stdout","time":145.232241024,"data":"│ clinic         ┆ 1367391 ┆ 4957   ┆ 0.003625 │\n"}
,{"stream_name":"stdout","time":145.232244244,"data":"│ physicians     ┆ 1213482 ┆ 931    ┆ 0.000767 │\n"}
,{"stream_name":"stdout","time":145.232253684,"data":"│ specialists    ┆ 1175749 ┆ 932    ┆ 0.000793 │\n"}
,{"stream_name":"stdout","time":145.232257044,"data":"│ medicine       ┆ 1091102 ┆ 1220   ┆ 0.001118 │\n"}
,{"stream_name":"stdout","time":145.232260084,"data":"│ private        ┆ 984802  ┆ 502    ┆ 0.00051  │\n"}
,{"stream_name":"stdout","time":145.232263444,"data":"│ pc             ┆ 887378  ┆ 28152  ┆ 0.031725 │\n"}
,{"stream_name":"stdout","time":145.232266804,"data":"│ corp           ┆ 630216  ┆ 20251  ┆ 0.032133 │\n"}
,{"stream_name":"stdout","time":145.232269804,"data":"│ pllc           ┆ 495429  ┆ 12484  ┆ 0.025198 │\n"}
,{"stream_name":"stdout","time":145.232273324,"data":"│ dental         ┆ 489134  ┆ 88     ┆ 0.00018  │\n"}
,{"stream_name":"stdout","time":145.232276494,"data":"│ pediatric      ┆ 486330  ┆ 1      ┆ 0.000002 │\n"}
,{"stream_name":"stdout","time":145.232279954,"data":"│ dentistry      ┆ 449316  ┆ 22     ┆ 0.000049 │\n"}
,{"stream_name":"stdout","time":145.232283424,"data":"│ lp             ┆ 426296  ┆ 10070  ┆ 0.023622 │\n"}
,{"stream_name":"stdout","time":145.232286914,"data":"│ finance        ┆ 357339  ┆ 370    ┆ 0.001035 │\n"}
,{"stream_name":"stdout","time":145.232289964,"data":"│ transportation ┆ 341049  ┆ 329    ┆ 0.000965 │\n"}
,{"stream_name":"stdout","time":145.232293834,"data":"│ education      ┆ 310540  ┆ 300    ┆ 0.000966 │\n"}
,{"stream_name":"stdout","time":145.232297014,"data":"│ sanitation     ┆ 304554  ┆ 282    ┆ 0.000926 │\n"}
,{"stream_name":"stdout","time":145.232300194,"data":"│ aging          ┆ 304358  ┆ 251    ┆ 0.000825 │\n"}
,{"stream_name":"stdout","time":145.232303784,"data":"│ foundation     ┆ 292840  ┆ 385    ┆ 0.001315 │\n"}
,{"stream_name":"stdout","time":145.232306954,"data":"│ buildings      ┆ 291019  ┆ 236    ┆ 0.000811 │\n"}
,{"stream_name":"stdout","time":145.232309954,"data":"│ housing        ┆ 285525  ┆ 259    ┆ 0.000907 │\n"}
,{"stream_name":"stdout","time":145.232313444,"data":"│ trust          ┆ 274959  ┆ 1585   ┆ 0.005764 │\n"}
,{"stream_name":"stdout","time":145.232316914,"data":"└────────────────┴─────────┴────────┴──────────┘\n"}
,{"stream_name":"stdout","time":145.232320334,"data":"\n"}
,{"stream_name":"stdout","time":145.232323284,"data":"[5] alias side stats:\n"}
,{"stream_name":"stdout","time":146.316501784,"data":"shape: (1, 4)\n"}
,{"stream_name":"stdout","time":146.316535764,"data":"┌─────────────┬──────────────┬─────────────┬─────────────────┐\n"}
,{"stream_name":"stdout","time":146.316541174,"data":"│ alias_pairs ┆ right_better ┆ left_better ┆ left_no_overlap │\n"}
,{"stream_name":"stdout","time":146.316544834,"data":"│ ---         ┆ ---          ┆ ---         ┆ ---             │\n"}
,{"stream_name":"stdout","time":146.316548404,"data":"│ u32         ┆ f64          ┆ f64         ┆ f64             │\n"}
,{"stream_name":"stdout","time":146.316551994,"data":"╞═════════════╪══════════════╪═════════════╪═════════════════╡\n"}
,{"stream_name":"stdout","time":146.316555804,"data":"│ 146916      ┆ 0.999952     ┆ 0.000014    ┆ 0.996583        │\n"}
,{"stream_name":"stdout","time":146.316559114,"data":"└─────────────┴──────────────┴─────────────┴─────────────────┘\n"}
,{"stream_name":"stdout","time":146.316576414,"data":"\n"}
,{"stream_name":"stdout","time":146.316579594,"data":"DONE 133s\n"}
,{"stream_name":"stderr","time":150.382303343,"data":"/usr/local/lib/python3.12/dist-packages/mistune.py:435: SyntaxWarning: invalid escape sequence '\\|'\n"}
,{"stream_name":"stderr","time":150.382374743,"data":"  cells[i][c] = re.sub('\\\\\\\\\\|', '|', cell)\n"}
,{"stream_name":"stderr","time":150.647634822,"data":"/usr/local/lib/python3.12/dist-packages/nbconvert/filters/filter_links.py:36: SyntaxWarning: invalid escape sequence '\\_'\n"}
,{"stream_name":"stderr","time":150.647660502,"data":"  text = re.sub(r'_', '\\_', text) # Escape underscores in display text\n"}
,{"stream_name":"stderr","time":151.353787326,"data":"[NbConvertApp] Converting notebook __script__.ipynb to html\n"}
,{"stream_name":"stderr","time":152.527004503,"data":"[NbConvertApp] Writing 319387 bytes to __results__.html\n"}
]